Starting harness.bitmap_control
Remote fixture audit passed: standard_20260926_154236 41 sets
bitmap_control_20260926_221423 q0000 bitmap raw_random_0.5
bitmap_control_20260926_221423 q0001 bitmap optimized_random_0.5
bitmap_control_20260926_221423 q0002 count_bitmap raw_random_0.5
bitmap_control_20260926_221423 q0003 count_bitmap optimized_random_0.5
bitmap_control_20260926_221423 q0004 bound_bitmap raw_random_0.5
bitmap_control_20260926_221423 q0005 bound_bitmap optimized_random_0.5
bitmap_control_20260926_221423 q0006 count_bound raw_random_0.5
bitmap_control_20260926_221423 q0007 count_bound optimized_random_0.5
bitmap_control_20260926_221423 q0008 bitmap raw_random_0.01
bitmap_control_20260926_221423 q0009 bitmap optimized_random_0.01
bitmap_control_20260926_221423 q0010 count_bitmap raw_random_0.01
bitmap_control_20260926_221423 q0011 count_bitmap optimized_random_0.01
bitmap_control_20260926_221423 q0012 bound_bitmap raw_random_0.01
bitmap_control_20260926_221423 q0013 bound_bitmap optimized_random_0.01
bitmap_control_20260926_221423 q0014 count_bound raw_random_0.01
bitmap_control_20260926_221423 q0015 count_bound optimized_random_0.01
bitmap_control_20260926_221423 q0016 bitmap raw_random_0.001
bitmap_control_20260926_221423 q0017 bitmap optimized_random_0.001
bitmap_control_20260926_221423 q0018 count_bitmap raw_random_0.001
bitmap_control_20260926_221423 q0019 count_bitmap optimized_random_0.001
bitmap_control_20260926_221423 q0020 bound_bitmap raw_random_0.001
bitmap_control_20260926_221423 q0021 bound_bitmap optimized_random_0.001
bitmap_control_20260926_221423 q0022 count_bound raw_random_0.001
bitmap_control_20260926_221423 q0023 count_bound optimized_random_0.001
bitmap_control_20260926_221423 q0024 bitmap raw_clustered_0.5
bitmap_control_20260926_221423 q0025 bitmap optimized_clustered_0.5
bitmap_control_20260926_221423 q0026 count_bitmap raw_clustered_0.5
bitmap_control_20260926_221423 q0027 count_bitmap optimized_clustered_0.5
bitmap_control_20260926_221423 q0028 bound_bitmap raw_clustered_0.5
bitmap_control_20260926_221423 q0029 bound_bitmap optimized_clustered_0.5
bitmap_control_20260926_221423 q0030 count_bound raw_clustered_0.5
bitmap_control_20260926_221423 q0031 count_bound optimized_clustered_0.5
bitmap_control_20260926_221423 q0032 bitmap raw_clustered_0.01
bitmap_control_20260926_221423 q0033 bitmap optimized_clustered_0.01
bitmap_control_20260926_221423 q0034 count_bitmap raw_clustered_0.01
bitmap_control_20260926_221423 q0035 count_bitmap optimized_clustered_0.01
bitmap_control_20260926_221423 q0036 bound_bitmap raw_clustered_0.01
bitmap_control_20260926_221423 q0037 bound_bitmap optimized_clustered_0.01
bitmap_control_20260926_221423 q0038 count_bound raw_clustered_0.01
bitmap_control_20260926_221423 q0039 count_bound optimized_clustered_0.01
bitmap_control_20260926_221423 q0040 bitmap raw_clustered_0.001
bitmap_control_20260926_221423 q0041 bitmap optimized_clustered_0.001
bitmap_control_20260926_221423 q0042 count_bitmap raw_clustered_0.001
bitmap_control_20260926_221423 q0043 count_bitmap optimized_clustered_0.001
bitmap_control_20260926_221423 q0044 bound_bitmap raw_clustered_0.001
bitmap_control_20260926_221423 q0045 bound_bitmap optimized_clustered_0.001
bitmap_control_20260926_221423 q0046 count_bound raw_clustered_0.001
bitmap_control_20260926_221423 q0047 count_bound optimized_clustered_0.001
Completed results/bitmap_control_20260926_221423
Starting harness.concurrency
concurrency_20260926_222245 native clients 4 samples 400
concurrency_20260926_222245 scalar clients 4 samples 400
concurrency_20260926_222245 bitmap clients 4 samples 400
concurrency_20260926_222245 enumeration clients 4 samples 400
concurrency_20260926_222245 native clients 16 samples 1600
concurrency_20260926_222245 scalar clients 16 samples 1600
concurrency_20260926_222245 bitmap clients 16 samples 1600
concurrency_20260926_222245 enumeration clients 16 samples 1600
Completed results/concurrency_20260926_222245
Starting harness.focused_scale
scale_focused_20260926_222411 q0000 native clustered_0.01
scale_focused_20260926_222411 q0001 scalar clustered_0.01
scale_focused_20260926_222411 q0002 bitmap clustered_0.01
scale_focused_20260926_222411 q0003 enumeration clustered_0.01
scale_focused_20260926_222411 q0004 count_native clustered_0.01
scale_focused_20260926_222411 q0005 count_bitmap clustered_0.01
scale_focused_20260926_222411 q0006 id_relation clustered_0.01
scale_focused_20260926_222411 q0007 ctid_relation clustered_0.01
scale_focused_20260926_222411 q0008 native clustered_0.001
scale_focused_20260926_222411 q0009 scalar clustered_0.001
scale_focused_20260926_222411 q0010 bitmap clustered_0.001
scale_focused_20260926_222411 q0011 enumeration clustered_0.001
scale_focused_20260926_222411 q0012 count_native clustered_0.001
scale_focused_20260926_222411 q0013 count_bitmap clustered_0.001
scale_focused_20260926_222411 q0014 id_relation clustered_0.001
scale_focused_20260926_222411 q0015 ctid_relation clustered_0.001
Remote fixture audit passed: scale_focused_20260926_222411 41 sets
Completed results/scale_focused_20260926_222411
Starting harness.package_report
Wrote docs/planetscale-report.md and docs/performance-findings.md
FULL SCHEDULE COMPLETE
